apiVersion: apps/v1
kind: Deployment
metadata:
  labels:
    app.kubernetes.io/component: pytorch
    app.kubernetes.io/name: pytorch-operator
    kustomize.component: pytorch-operator
  name: pytorch-operator
  namespace: kubeflow
spec:
  replicas: 1
  selector:
    matchLabels:
      app.kubernetes.io/component: pytorch
      app.kubernetes.io/name: pytorch-operator
      kustomize.component: pytorch-operator
      name: pytorch-operator
  template:
    metadata:
      annotations:
        sidecar.istio.io/inject: "false"
      labels:
        app.kubernetes.io/component: pytorch
        app.kubernetes.io/name: pytorch-operator
        kustomize.component: pytorch-operator
        name: pytorch-operator
    spec:
      containers:
      - command:
        - /pytorch-operator.v1
        - --alsologtostderr
        - -v=1
        - --monitoring-port=8443
        env:
        - name: MY_POD_NAMESPACE
          valueFrom:
            fieldRef:
              fieldPath: metadata.namespace
        - name: MY_POD_NAME
          valueFrom:
            fieldRef:
              fieldPath: metadata.name
        image: docker.io/chongchuanbing/kubeflow-images-public.pytorch-operator:v0.6.0-18-g5e36a57:vmaster-gd596e904
        name: pytorch-operator
      serviceAccountName: pytorch-operator
