apiVersion: apps/v1
kind: Deployment
metadata:
  labels:
    app: centraldashboard
    app.kubernetes.io/component: centraldashboard
    app.kubernetes.io/name: centraldashboard
  name: centraldashboard
  namespace: kubeflow
spec:
  replicas: 1
  selector:
    matchLabels:
      app: centraldashboard
      app.kubernetes.io/component: centraldashboard
      app.kubernetes.io/name: centraldashboard
  template:
    metadata:
      annotations:
        sidecar.istio.io/inject: "false"
      labels:
        app: centraldashboard
        app.kubernetes.io/component: centraldashboard
        app.kubernetes.io/name: centraldashboard
    spec:
      containers:
      - env:
        - name: USERID_HEADER
          valueFrom:
            configMapKeyRef:
              key: userid-header
              name: kubeflow-config-bk4bc7m928
        - name: USERID_PREFIX
          valueFrom:
            configMapKeyRef:
              key: userid-prefix
              name: kubeflow-config-bk4bc7m928
        image: docker.io/chongchuanbing/kubeflow-images-public.centraldashboard:v1.1.0-g35d7484a:vmaster-gf39279c0
        imagePullPolicy: IfNotPresent
        livenessProbe:
          httpGet:
            path: /healthz
            port: 8082
          initialDelaySeconds: 30
          periodSeconds: 30
        name: centraldashboard
        ports:
        - containerPort: 8082
          protocol: TCP
      serviceAccountName: centraldashboard
