apiVersion: apps/v1
kind: Deployment
metadata:
  labels:
    app.kubernetes.io/component: knative-serving-install
    app.kubernetes.io/instance: knative-serving-install
    app.kubernetes.io/managed-by: kfctl
    app.kubernetes.io/name: knative-serving-install
    app.kubernetes.io/part-of: kubeflow
    app.kubernetes.io/version: v0.11.2
    kustomize.component: knative
    serving.knative.dev/release: v0.11.2
  name: controller
  namespace: knative-serving
spec:
  replicas: 1
  selector:
    matchLabels:
      app: controller
      app.kubernetes.io/component: knative-serving-install
      app.kubernetes.io/instance: knative-serving-install
      app.kubernetes.io/managed-by: kfctl
      app.kubernetes.io/name: knative-serving-install
      app.kubernetes.io/part-of: kubeflow
      app.kubernetes.io/version: v0.11.2
      kustomize.component: knative
      serving.knative.dev/release: v0.11.2
  template:
    metadata:
      annotations:
        sidecar.istio.io/inject: "false"
      labels:
        app: controller
        app.kubernetes.io/component: knative-serving-install
        app.kubernetes.io/instance: knative-serving-install
        app.kubernetes.io/managed-by: kfctl
        app.kubernetes.io/name: knative-serving-install
        app.kubernetes.io/part-of: kubeflow
        app.kubernetes.io/version: v0.11.2
        kustomize.component: knative
        serving.knative.dev/release: v0.11.2
    spec:
      containers:
      - env:
        - name: SYSTEM_NAMESPACE
          valueFrom:
            fieldRef:
              fieldPath: metadata.namespace
        - name: CONFIG_LOGGING_NAME
          value: config-logging
        - name: CONFIG_OBSERVABILITY_NAME
          value: config-observability
        - name: METRICS_DOMAIN
          value: knative.dev/internal/serving
        image: docker.io/chongchuanbing/knative-releases.knative.dev.serving.cmd.autoscaler:lastest:lastest
        name: controller
        ports:
        - containerPort: 9090
          name: metrics
        - containerPort: 8008
          name: profiling
        resources:
          limits:
            cpu: 1000m
            memory: 1000Mi
          requests:
            cpu: 100m
            memory: 100Mi
        securityContext:
          allowPrivilegeEscalation: false
      serviceAccountName: controller
