apiVersion: caching.internal.knative.dev/v1alpha1
kind: Image
metadata:
  labels:
    app.kubernetes.io/component: knative-serving-install
    app.kubernetes.io/instance: knative-serving-install
    app.kubernetes.io/managed-by: kfctl
    app.kubernetes.io/name: knative-serving-install
    app.kubernetes.io/part-of: kubeflow
    app.kubernetes.io/version: v0.11.2
    kustomize.component: knative
    serving.knative.dev/release: v0.11.2
  name: queue-proxy
  namespace: knative-serving
spec:
  image: harbor.ihomefnt.com/ai/knative-releases.knative.dev.serving.cmd.networking.istio:lastest
