apiVersion: apps/v1
kind: Deployment
metadata:
  labels:
    app: admission-webhook
    app.kubernetes.io/component: poddefaults
    app.kubernetes.io/name: poddefaults
    kustomize.component: admission-webhook
  name: admission-webhook-deployment
  namespace: kubeflow
spec:
  selector:
    matchLabels:
      app: admission-webhook
      app.kubernetes.io/component: poddefaults
      app.kubernetes.io/name: poddefaults
      kustomize.component: admission-webhook
  template:
    metadata:
      annotations:
        sidecar.istio.io/inject: "false"
      labels:
        app: admission-webhook
        app.kubernetes.io/component: poddefaults
        app.kubernetes.io/name: poddefaults
        kustomize.component: admission-webhook
    spec:
      containers:
      - args:
        - --tlsCertFile=/etc/webhook/certs/tls.crt
        - --tlsKeyFile=/etc/webhook/certs/tls.key
        image: docker.io/chongchuanbing/kubeflow-images-public.admission-webhook:v20190520-v0-139-gcee39dbc-dirty-0d8f4c:vmaster-gaf96e4e3
        name: admission-webhook
        volumeMounts:
        - mountPath: /etc/webhook/certs
          name: webhook-cert
          readOnly: true
      serviceAccountName: admission-webhook-service-account
      volumes:
      - name: webhook-cert
        secret:
          secretName: webhook-certs
