apiVersion: v1
data:
  metrics-collector-sidecar: |-
    {
      "StdOut": {
        "image": "harbor.ihomefnt.com/ai/kubeflow-images-public.katib.v1alpha3.file-metrics-collector:917164a"
      },
      "File": {
        "image": "harbor.ihomefnt.com/ai/kubeflow-images-public.katib.v1alpha3.file-metrics-collector:917164a"
      },
      "TensorFlowEvent": {
        "image": "harbor.ihomefnt.com/ai/kubeflow-images-public.katib.v1alpha3.tfevent-metrics-collector:917164a",
        "resources": {
          "limits": {
            "memory": "1Gi"
          }
        }
      }
    }
  suggestion: |-
    {
      "random": {
        "image": "harbor.ihomefnt.com/ai/kubeflow-images-public.katib.v1alpha3.suggestion-hyperopt:917164a"
      },
      "grid": {
        "image": "harbor.ihomefnt.com/ai/kubeflow-images-public.katib.v1alpha3.suggestion-chocolate:917164a"
      },
      "hyperband": {
        "image": "harbor.ihomefnt.com/ai/kubeflow-images-public.katib.v1alpha3.suggestion-hyperband:917164a"
      },
      "bayesianoptimization": {
        "image": "harbor.ihomefnt.com/ai/kubeflow-images-public.katib.v1alpha3.suggestion-skopt:917164a"
      },
      "tpe": {
        "image": "harbor.ihomefnt.com/ai/kubeflow-images-public.katib.v1alpha3.suggestion-hyperopt:917164a"
      },
      "enas": {
        "image": "harbor.ihomefnt.com/ai/kubeflow-images-public.katib.v1alpha3.suggestion-enas:917164a",
        "imagePullPolicy": "Always",
        "resources": {
          "limits": {
            "memory": "200Mi"
          }
        }
      },
      "cmaes": {
        "image": "harbor.ihomefnt.com/ai/kubeflow-images-public.katib.v1alpha3.suggestion-goptuna:917164a"
      },
      "darts": {
        "image": "harbor.ihomefnt.com/ai/kubeflow-images-public.katib.v1alpha3.suggestion-darts:917164a"
      }
    }
kind: ConfigMap
metadata:
  labels:
    app.kubernetes.io/component: katib
    app.kubernetes.io/instance: katib-controller-0.8.0
    app.kubernetes.io/managed-by: kfctl
    app.kubernetes.io/name: katib-controller
    app.kubernetes.io/part-of: kubeflow
    app.kubernetes.io/version: 0.8.0
  name: katib-config
  namespace: kubeflow
