apiVersion: apps/v1
kind: Deployment
metadata:
  labels:
    app: jupyter-web-app
    kustomize.component: jupyter-web-app
  name: jupyter-web-app-deployment
  namespace: kubeflow
spec:
  replicas: 1
  selector:
    matchLabels:
      app: jupyter-web-app
      kustomize.component: jupyter-web-app
  template:
    metadata:
      annotations:
        sidecar.istio.io/inject: "false"
      labels:
        app: jupyter-web-app
        kustomize.component: jupyter-web-app
    spec:
      containers:
      - env:
        - name: USERID_HEADER
          valueFrom:
            configMapKeyRef:
              key: userid-header
              name: kubeflow-config
        - name: USERID_PREFIX
          valueFrom:
            configMapKeyRef:
              key: userid-prefix
              name: kubeflow-config
        image: docker.io/chongchuanbing/kubeflow-images-public.jupyter-web-app:v1.1.0-gd3377cbd:vmaster-gd9be4b9e
        name: jupyter-web-app
        ports:
        - containerPort: 5000
        volumeMounts:
        - mountPath: /etc/config
          name: config-volume
      serviceAccountName: jupyter-web-app-service-account
      volumes:
      - configMap:
          name: jupyter-web-app-jupyter-web-app-config-dhcbh64467
        name: config-volume
